#-------------------------------------------------#
          FROOTY AUTOMATION ENVIRONMENT            
#-------------------------------------------------#
WebLink For results: <>
Result Exported to DB: NO
Test Start Time : <2017-11-08 10:31:01>
Test Run ID : <297498>
Test Batch Name : SMOKE_SANITY
Test Topology Name :sample_snmp
Features :
snmp_example_walk
snmp_example_get
#-------TEST CASE STATISTICS------------
TOTAL TEST CASES EXECUTED   : 6
TOTAL TEST CASES PASSED     : 6
TOTAL TEST CASES FAILED     : 0
TOTAL TEST CASES BLOCKED    : 1

SUCCESS RATE : 100%

#-------TEST RUN METRICS----------------
FEATURE			<<>>	TESTCASE NAME	<<>>	RESULT	<<>>	RUN TIME
snmp_example_walk	<<>>	TEST_CASE_001	<<>>	PASS	<<>>	0:00:00
snmp_example_walk	<<>>	TEST_CASE_002	<<>>	PASS	<<>>	0:00:01
snmp_example_get	<<>>	TEST_CASE_001	<<>>	PASS	<<>>	0:00:00
snmp_example_get	<<>>	TEST_CASE_002	<<>>	PASS	<<>>	0:00:00
snmp_example_get	<<>>	TEST_CASE_003	<<>>	PASS	<<>>	0:00:00
snmp_example_get	<<>>	TEST_CASE_004	<<>>	PASS	<<>>	0:00:01

Test Run Time: 0:00:02
#-------Diagnostics of Individual Tests------
#-------LOGS---------
snmp_example_walk	<<>>	/root/saroj/TEST/SQLite/Frooty/LOGS/SMOKE_SANITY_2017-11-081030/snmp_example_walk_TEST_CASE_001_2017-11-08_10:31:00.log
snmp_example_walk	<<>>	/root/saroj/TEST/SQLite/Frooty/LOGS/SMOKE_SANITY_2017-11-081030/snmp_example_walk_TEST_CASE_002_2017-11-08_10:31:00.log
snmp_example_get	<<>>	/root/saroj/TEST/SQLite/Frooty/LOGS/SMOKE_SANITY_2017-11-081030/snmp_example_get_TEST_CASE_001_2017-11-08_10:31:01.log
snmp_example_get	<<>>	/root/saroj/TEST/SQLite/Frooty/LOGS/SMOKE_SANITY_2017-11-081030/snmp_example_get_TEST_CASE_002_2017-11-08_10:31:01.log
snmp_example_get	<<>>	/root/saroj/TEST/SQLite/Frooty/LOGS/SMOKE_SANITY_2017-11-081030/snmp_example_get_TEST_CASE_003_2017-11-08_10:31:01.log
snmp_example_get	<<>>	/root/saroj/TEST/SQLite/Frooty/LOGS/SMOKE_SANITY_2017-11-081030/snmp_example_get_TEST_CASE_004_2017-11-08_10:31:01.log
#-------Topology Details----------
{"DEVICE_1": {"username": "abc123", "name": "dut", "ip": "127.0.0.1", "snmp_port": "161", "mode": "telnet", "password": "abc123", "port": "23", "community_string": "public"}}